../Core/Src/main.c:94:5:CS43L22_Init	32	static
../Core/Src/main.c:185:5:CS43L22_Beep	40	static
../Core/Src/main.c:217:5:main	16	static
../Core/Src/main.c:301:6:SystemClock_Config	88	static
../Core/Src/main.c:347:13:MX_I2C1_Init	8	static
../Core/Src/main.c:381:13:MX_I2S3_Init	8	static
../Core/Src/main.c:415:13:MX_SPI1_Init	8	static
../Core/Src/main.c:453:13:MX_USART2_UART_Init	8	static
../Core/Src/main.c:484:13:MX_DMA_Init	16	static
../Core/Src/main.c:502:13:MX_GPIO_Init	56	static
../Core/Src/main.c:615:6:Error_Handler	4	static,ignoring_inline_asm
